// Jest Snapshot v1, https://goo.gl/fbAQLP

exports[`Tests from AddButton component AddButton snapshot 1`] = `
<View
  accessible={true}
  collapsable={false}
  focusable={true}
  onClick={[Function]}
  onResponderGrant={[Function]}
  onResponderMove={[Function]}
  onResponderRelease={[Function]}
  onResponderTerminate={[Function]}
  onResponderTerminationRequest={[Function]}
  onStartShouldSetResponder={[Function]}
  style={
    Object {
      "alignSelf": "center",
      "backgroundColor": "#5C6DF8",
      "borderRadius": 60,
      "bottom": 20,
      "flex": 1,
      "height": 69,
      "justifyContent": "center",
      "opacity": 1,
      "position": "absolute",
      "width": 69,
    }
  }
>
  <Text
    style={
      Object {
        "alignSelf": "center",
        "color": "#ffffff",
        "fontSize": 50,
        "paddingBottom": 6,
      }
    }
  >
    +
  </Text>
</View>
`;
