// Jest Snapshot v1, https://goo.gl/fbAQLP

exports[`Tests BottomText component BottomText snapshot 1`] = `
<View
  style={
    Object {
      "height": 30,
      "marginTop": 35,
      "width": "100%",
    }
  }
>
  <View
    style={
      Object {
        "alignSelf": "center",
        "flex": 1,
        "flexDirection": "row",
      }
    }
  >
    <Text
      style={
        Object {
          "color": "#9CA5B4",
          "fontSize": 16,
          "marginRight": 3,
        }
      }
    >
      Already have an account?
    </Text>
    <View
      accessible={true}
      collapsable={false}
      focusable={true}
      onClick={[Function]}
      onResponderGrant={[Function]}
      onResponderMove={[Function]}
      onResponderRelease={[Function]}
      onResponderTerminate={[Function]}
      onResponderTerminationRequest={[Function]}
      onStartShouldSetResponder={[Function]}
      style={
        Object {
          "opacity": 1,
        }
      }
    >
      <Text
        style={
          Object {
            "color": "#5C6DF8",
            "fontSize": 16,
          }
        }
      />
    </View>
  </View>
</View>
`;
