// Jest Snapshot v1, https://goo.gl/fbAQLP

exports[`Tests TextIndicator component TextIndicator snapshot 1`] = `
<View
  style={Object {}}
>
  <Text
    style={
      Object {
        "color": "black",
        "fontSize": 32,
        "fontWeight": "bold",
        "marginHorizontal": 30,
      }
    }
  >
    
  </Text>
</View>
`;
